Archive member included to satisfy reference by file (symbol)

C:/Program Files/Rowley Associates Limited/CrossWorks for ARM 4.7/lib/libc_v7em_t_le_eabi.a(libc_asm.o)
                              photodiode_adc THUMB Debug/stm32f4xx_hal_rcc.o (__aeabi_uldivmod)
C:/Program Files/Rowley Associates Limited/CrossWorks for ARM 4.7/lib/libc_v7em_t_le_eabi.a(libc2_asm.o)
                              photodiode_adc THUMB Debug/main.o (memset)
C:/Program Files/Rowley Associates Limited/CrossWorks for ARM 4.7/lib/libc_v7em_t_le_eabi.a(libvfprintf.o)
                              (__vfprintf_float_long_long)
C:/Program Files/Rowley Associates Limited/CrossWorks for ARM 4.7/lib/libc_v7em_t_le_eabi.a(libvfscanf.o)
                              (__vfscanf_float_long_long_cc)
C:/Program Files/Rowley Associates Limited/CrossWorks for ARM 4.7/lib/libc_v7em_t_le_eabi.a(libc2.o)
                              C:/Program Files/Rowley Associates Limited/CrossWorks for ARM 4.7/lib/libc_v7em_t_le_eabi.a(libvfscanf.o) (__getc)
C:/Program Files/Rowley Associates Limited/CrossWorks for ARM 4.7/lib/libc_v7em_t_le_eabi.a(libc.o)
                              C:/Program Files/Rowley Associates Limited/CrossWorks for ARM 4.7/lib/libc_v7em_t_le_eabi.a(libc2.o) (__heap_lock)
C:/Program Files/Rowley Associates Limited/CrossWorks for ARM 4.7/lib/libdebugio_v7em_t_le_eabi.a(libdebugio.o)
                              photodiode_adc THUMB Debug/thumb_crt0.o (debug_fopen)
C:/Program Files/Rowley Associates Limited/CrossWorks for ARM 4.7/lib/libdebugio_v7em_t_le_eabi.a(do_nv_debug_operation.o)
                              C:/Program Files/Rowley Associates Limited/CrossWorks for ARM 4.7/lib/libdebugio_v7em_t_le_eabi.a(libdebugio.o) (__do_nvdebug_operation)
C:/Program Files/Rowley Associates Limited/CrossWorks for ARM 4.7/lib/libdebugio_v7em_t_le_eabi.a(mempoll_debug_operations.o)
                              (__do_debug_operation_mempoll)
C:/Program Files/Rowley Associates Limited/CrossWorks for ARM 4.7/lib/libm_v7em_t_le_eabi.a(libm_asm.o)
                              C:/Program Files/Rowley Associates Limited/CrossWorks for ARM 4.7/lib/libc_v7em_t_le_eabi.a(libc2.o) (__aeabi_i2f)
C:/Program Files/Rowley Associates Limited/CrossWorks for ARM 4.7/lib/libm_v7em_t_le_eabi.a(libm2.o)
                              C:/Program Files/Rowley Associates Limited/CrossWorks for ARM 4.7/lib/libc_v7em_t_le_eabi.a(libvfprintf.o) (frexp)
C:/Program Files/Rowley Associates Limited/CrossWorks for ARM 4.7/lib/libm_v7em_t_le_eabi.a(libm2_asm.o)
                              C:/Program Files/Rowley Associates Limited/CrossWorks for ARM 4.7/lib/libm_v7em_t_le_eabi.a(libm2.o) (fabs)

Discarded input sections

 .text          0x0000000000000000        0x0 photodiode_adc THUMB Debug/thumb_crt0.o
 .data          0x0000000000000000        0x0 photodiode_adc THUMB Debug/thumb_crt0.o
 .bss           0x0000000000000000        0x0 photodiode_adc THUMB Debug/thumb_crt0.o
 .text.__aeabi_read_tp
                0x0000000000000000        0x8 photodiode_adc THUMB Debug/thumb_crt0.o
 .text.abort    0x0000000000000000        0x2 photodiode_adc THUMB Debug/thumb_crt0.o
 .text.__assert
                0x0000000000000000        0x2 photodiode_adc THUMB Debug/thumb_crt0.o
 .text.__assert_func
                0x0000000000000000        0x2 photodiode_adc THUMB Debug/thumb_crt0.o
 .text.__aeabi_assert
                0x0000000000000000        0x2 photodiode_adc THUMB Debug/thumb_crt0.o
 .text.__sync_synchronize
                0x0000000000000000        0x2 photodiode_adc THUMB Debug/thumb_crt0.o
 .text.__getchar
                0x0000000000000000        0x4 photodiode_adc THUMB Debug/thumb_crt0.o
 .text.__putchar
                0x0000000000000000        0x4 photodiode_adc THUMB Debug/thumb_crt0.o
 .text.__open   0x0000000000000000        0x4 photodiode_adc THUMB Debug/thumb_crt0.o
 .text.__close  0x0000000000000000        0x4 photodiode_adc THUMB Debug/thumb_crt0.o
 .text.__write  0x0000000000000000        0xa photodiode_adc THUMB Debug/thumb_crt0.o
 .text.__read   0x0000000000000000        0xa photodiode_adc THUMB Debug/thumb_crt0.o
 .text.__seek   0x0000000000000000       0x1a photodiode_adc THUMB Debug/thumb_crt0.o
 .bss.__user_locale_name_buffer
                0x0000000000000000        0x4 photodiode_adc THUMB Debug/thumb_crt0.o
 .stack         0x0000000000000000        0x0 photodiode_adc THUMB Debug/thumb_crt0.o
 .stack_process
                0x0000000000000000        0x0 photodiode_adc THUMB Debug/thumb_crt0.o
 .heap          0x0000000000000000        0x0 photodiode_adc THUMB Debug/thumb_crt0.o
 .text          0x0000000000000000        0x0 photodiode_adc THUMB Debug/STM32_Startup.o
 .data          0x0000000000000000        0x0 photodiode_adc THUMB Debug/STM32_Startup.o
 .bss           0x0000000000000000        0x0 photodiode_adc THUMB Debug/STM32_Startup.o
 .group         0x0000000000000000        0xc photodiode_adc THUMB Debug/main.o
[...]
Memory Configuration

Name             Origin             Length             Attributes
UNPLACED_SECTIONS 0x0000000100000000 0x0000000000000000 xw
FLASH            0x0000000008000000 0x0000000000080000 xr
SYSTEM           0x000000001fff0000 0x0000000000007a10 xw
OPTION           0x000000001fffc000 0x0000000000000008 xw
RAM              0x0000000020000000 0x0000000000018000 xw
APB1             0x0000000040000000 0x0000000000007400 xw
APB2             0x0000000040010000 0x0000000000005400 xw
AHB1             0x0000000040020000 0x0000000000006800 xw
AHB2             0x0000000050000000 0x0000000000040000 xw
PPB              0x00000000e0000000 0x0000000000100000 xw
DBG              0x00000000e0042000 0x0000000000000010 xw
*default*        0x0000000000000000 0xffffffffffffffff

Linker script and memory map

                0x0000000008000000                __FLASH_segment_start__ = 0x8000000
                0x0000000008080000                __FLASH_segment_end__ = 0x8080000
                0x0000000000080000                __FLASH_segment_size__ = 0x80000
                0x000000001fff0000                __SYSTEM_segment_start__ = 0x1fff0000
                0x000000001fff7a10                __SYSTEM_segment_end__ = 0x1fff7a10
                0x0000000000007a10                __SYSTEM_segment_size__ = 0x7a10
                0x000000001fffc000                __OPTION_segment_start__ = 0x1fffc000
                0x000000001fffc008                __OPTION_segment_end__ = 0x1fffc008
                0x0000000000000008                __OPTION_segment_size__ = 0x8
                0x0000000020000000                __RAM_segment_start__ = 0x20000000
                0x0000000020018000                __RAM_segment_end__ = 0x20018000
                0x0000000000018000                __RAM_segment_size__ = 0x18000
                0x0000000040000000                __APB1_segment_start__ = 0x40000000
                0x0000000040007400                __APB1_segment_end__ = 0x40007400
                0x0000000000007400                __APB1_segment_size__ = 0x7400
                0x0000000040010000                __APB2_segment_start__ = 0x40010000
                0x0000000040015400                __APB2_segment_end__ = 0x40015400
                0x0000000000005400                __APB2_segment_size__ = 0x5400
                0x0000000040020000                __AHB1_segment_start__ = 0x40020000
                0x0000000040026800                __AHB1_segment_end__ = 0x40026800
                0x0000000000006800                __AHB1_segment_size__ = 0x6800
                0x0000000050000000                __AHB2_segment_start__ = 0x50000000
                0x0000000050040000                __AHB2_segment_end__ = 0x50040000
                0x0000000000040000                __AHB2_segment_size__ = 0x40000
                0x00000000e0000000                __PPB_segment_start__ = 0xe0000000
                0x00000000e0100000                __PPB_segment_end__ = 0xe0100000
                0x0000000000100000                __PPB_segment_size__ = 0x100000
                0x00000000e0042000                __DBG_segment_start__ = 0xe0042000
                0x00000000e0042010                __DBG_segment_end__ = 0xe0042010
                0x0000000000000010                __DBG_segment_size__ = 0x10
                0x0000000000000080                __HEAPSIZE__ = 0x80
                0x0000000000000000                __STACKSIZE_ABT__ = 0x0
                0x0000000000000000                __STACKSIZE_FIQ__ = 0x0
                0x0000000000000000                __STACKSIZE_IRQ__ = 0x0
                0x0000000000000000                __STACKSIZE_PROCESS__ = 0x0
                0x0000000000000000                __STACKSIZE_SVC__ = 0x0
                0x0000000000000000                __STACKSIZE_UND__ = 0x0
                0x0000000000000100                __STACKSIZE__ = 0x100
                0x0000000000000000                __do_debug_operation = __do_debug_operation_mempoll
                0x0000000000000000                __vfprintf = __vfprintf_float_long_long
                0x0000000000000000                __vfscanf = __vfscanf_float_long_long_cc
                0x0000000020000000                __vectors_ram_load_start__ = ALIGN (__RAM_segment_start__, 0x100)

.vectors_ram    0x0000000020000000        0x0
                0x0000000020000000                __vectors_ram_start__ = .
 *(.vectors_ram .vectors_ram.*)
                0x0000000020000000                __vectors_ram_end__ = (__vectors_ram_start__ + SIZEOF (.vectors_ram))
                0x0000000000000000                __vectors_ram_size__ = SIZEOF (.vectors_ram)
                0x0000000020000000                __vectors_ram_load_end__ = __vectors_ram_end__
                0x0000000000000001                . = ASSERT (((__vectors_ram_start__ == __vectors_ram_end__) || ((__vectors_ram_end__ - __RAM_segment_start__) <= __RAM_segment_size__)), error: .vectors_ram is too large to fit in RAM memory segment)
                0x0000000008000000                __vectors_load_start__ = ALIGN (__FLASH_segment_start__, 0x100)

.vectors        0x0000000008000000      0x194
                0x0000000008000000                __vectors_start__ = .
 *(.vectors .vectors.*)
 .vectors       0x0000000008000000      0x194 photodiode_adc THUMB Debug/STM32_Startup.o
                0x0000000008000000                _vectors
                0x0000000008000194                __vectors_end__ = (__vectors_start__ + SIZEOF (.vectors))
                0x0000000000000194                __vectors_size__ = SIZEOF (.vectors)
                0x0000000008000194                __vectors_load_end__ = __vectors_end__
                0x0000000000000001                . = ASSERT (((__vectors_start__ == __vectors_end__) || ((__vectors_end__ - __FLASH_segment_start__) <= __FLASH_segment_size__)), error: .vectors is too large to fit in FLASH memory segment)
                0x0000000008000194                __init_load_start__ = ALIGN (__vectors_end__, 0x4)

.init           0x0000000008000194      0x1f8
                0x0000000008000194                __init_start__ = .
 *(.init .init.*)
 .init          0x0000000008000194      0x154 photodiode_adc THUMB Debug/thumb_crt0.o
                0x0000000008000194                _start
                0x0000000008000244                exit
 .init          0x00000000080002e8       0xa4 photodiode_adc THUMB Debug/STM32_Startup.o
                0x00000000080002fa                WWDG_IRQHandler
                0x00000000080002fc                PVD_IRQHandler
                0x00000000080002fe                TAMP_STAMP_IRQHandler
                0x0000000008000300                RTC_WKUP_IRQHandler
                0x0000000008000302                FLASH_IRQHandler
                0x0000000008000304                RCC_IRQHandler
                0x0000000008000306                EXTI0_IRQHandler
                0x0000000008000308                EXTI1_IRQHandler
                0x000000000800030a                EXTI2_IRQHandler
                0x000000000800030c                EXTI3_IRQHandler
                0x000000000800030e                EXTI4_IRQHandler
                0x0000000008000310                DMA1_Stream0_IRQHandler
                0x0000000008000312                DMA1_Stream1_IRQHandler
                0x0000000008000314                DMA1_Stream2_IRQHandler
                0x0000000008000316                DMA1_Stream3_IRQHandler
                0x0000000008000318                DMA1_Stream4_IRQHandler
                0x000000000800031a                DMA1_Stream5_IRQHandler
                0x000000000800031c                DMA1_Stream6_IRQHandler
                0x000000000800031e                ADC_IRQHandler
                0x0000000008000322                TIM1_BRK_TIM9_IRQHandler
                0x0000000008000324                TIM1_UP_TIM10_IRQHandler
                0x0000000008000326                TIM1_TRG_COM_TIM11_IRQHandler
                0x0000000008000328                TIM1_CC_IRQHandler
                0x000000000800032a                TIM2_IRQHandler
                0x000000000800032c                TIM3_IRQHandler
                0x000000000800032e                TIM4_IRQHandler
                0x0000000008000330                I2C1_EV_IRQHandler
                0x0000000008000332                I2C1_ER_IRQHandler
                0x0000000008000334                I2C2_EV_IRQHandler
                0x0000000008000336                I2C2_ER_IRQHandler
                0x0000000008000338                SPI1_IRQHandler
                0x000000000800033a                SPI2_IRQHandler
                0x000000000800033c                USART1_IRQHandler
                0x000000000800033e                USART2_IRQHandler
                0x0000000008000340                EXTI15_10_IRQHandler
                0x0000000008000342                RTC_Alarm_IRQHandler
                0x0000000008000344                OTG_FS_WKUP_IRQHandler
                0x0000000008000346                DMA1_Stream7_IRQHandler
                0x0000000008000348                SDIO_IRQHandler
                0x000000000800034a                TIM5_IRQHandler
                0x000000000800034c                SPI3_IRQHandler
                0x000000000800034e                DMA2_Stream0_IRQHandler
                0x0000000008000350                DMA2_Stream1_IRQHandler
                0x0000000008000352                DMA2_Stream2_IRQHandler
                0x0000000008000354                DMA2_Stream3_IRQHandler
                0x0000000008000356                DMA2_Stream4_IRQHandler
                0x0000000008000358                OTG_FS_IRQHandler
                0x000000000800035a                DMA2_Stream5_IRQHandler
                0x000000000800035c                DMA2_Stream6_IRQHandler
                0x000000000800035e                DMA2_Stream7_IRQHandler
                0x0000000008000360                USART6_IRQHandler
                0x0000000008000362                I2C3_EV_IRQHandler
                0x0000000008000364                I2C3_ER_IRQHandler
                0x0000000008000366                FPU_IRQHandler
                0x0000000008000368                SPI4_IRQHandler
                0x000000000800036a                reset_handler
                0x000000000800038c                __init_end__ = (__init_start__ + SIZEOF (.init))
                0x00000000000001f8                __init_size__ = SIZEOF (.init)
                0x000000000800038c                __init_load_end__ = __init_end__
                0x0000000000000001                . = ASSERT (((__init_start__ == __init_end__) || ((__init_end__ - __FLASH_segment_start__) <= __FLASH_segment_size__)), error: .init is too large to fit in FLASH memory segment)
                0x000000000800038c                __init_rodata_load_start__ = ALIGN (__init_end__, 0x4)

.init_rodata    0x000000000800038c        0x0
                0x000000000800038c                __init_rodata_start__ = .
 *(.init_rodata .init_rodata.*)
                0x000000000800038c                __init_rodata_end__ = (__init_rodata_start__ + SIZEOF (.init_rodata))
                0x0000000000000000                __init_rodata_size__ = SIZEOF (.init_rodata)
                0x000000000800038c                __init_rodata_load_end__ = __init_rodata_end__
                0x0000000000000001                . = ASSERT (((__init_rodata_start__ == __init_rodata_end__) || ((__init_rodata_end__ - __FLASH_segment_start__) <= __FLASH_segment_size__)), error: .init_rodata is too large to fit in FLASH memory segment)
                0x000000000800038c                __text_load_start__ = ALIGN (__init_rodata_end__, 0x4)

.text           0x000000000800038c     0x2dac
                0x000000000800038c                __text_start__ = .
 *(.text .text.* .glue_7t .glue_7 .gnu.linkonce.t.* .gcc_except_table .ARM.extab* .gnu.linkonce.armextab.*)
 .glue_7        0x000000000800038c        0x0 linker stubs
 .glue_7t       0x000000000800038c        0x0 linker stubs
 .text.EXTI9_5_IRQHandler
                0x000000000800038c        0xe photodiode_adc THUMB Debug/main.o
                0x000000000800038c                EXTI9_5_IRQHandler
 *fill*         0x000000000800039a        0x2 
 .text.HAL_GPIO_EXTI_Callback
                0x000000000800039c       0x24 photodiode_adc THUMB Debug/main.o
                0x000000000800039c                HAL_GPIO_EXTI_Callback
 .text.main     0x00000000080003c0      0x158 photodiode_adc THUMB Debug/main.o
                0x00000000080003c0                main
 .text.SystemClock_Config
                0x0000000008000518       0xcc photodiode_adc THUMB Debug/main.o
                0x0000000008000518                SystemClock_Config
 .text.MX_I2C1_Init
                0x00000000080005e4       0x5c photodiode_adc THUMB Debug/main.o
 .text.MX_SPI1_Init
                0x0000000008000640       0x6c photodiode_adc THUMB Debug/main.o
 .text.MX_USART2_UART_Init
                0x00000000080006ac       0x50 photodiode_adc THUMB Debug/main.o
 .text.MX_GPIO_Init
                0x00000000080006fc      0x148 photodiode_adc THUMB Debug/main.o
 .text.Error_Handler
                0x0000000008000844        0x4 photodiode_adc THUMB Debug/main.o
                0x0000000008000844                Error_Handler
 .text.Write_AD7768_Register
                0x0000000008000848       0x58 photodiode_adc THUMB Debug/main.o
                0x0000000008000848                Write_AD7768_Register
 .text.Set_Si514_Frequency
                0x00000000080008a0       0xa4 photodiode_adc THUMB Debug/main.o
                0x00000000080008a0                Set_Si514_Frequency
 .text.NMI_Handler
                0x0000000008000944        0x4 photodiode_adc THUMB Debug/stm32f4xx_it.o
                0x0000000008000944                NMI_Handler
 .text.HardFault_Handler
                0x0000000008000948        0x2 photodiode_adc THUMB Debug/stm32f4xx_it.o
                0x0000000008000948                HardFault_Handler
 .text.MemManage_Handler
                0x000000000800094a        0x2 photodiode_adc THUMB Debug/stm32f4xx_it.o
                0x000000000800094a                MemManage_Handler
 .text.BusFault_Handler
                0x000000000800094c        0x2 photodiode_adc THUMB Debug/stm32f4xx_it.o
                0x000000000800094c                BusFault_Handler
 .text.UsageFault_Handler
                0x000000000800094e        0x2 photodiode_adc THUMB Debug/stm32f4xx_it.o
                0x000000000800094e                UsageFault_Handler
 .text.SVC_Handler
                0x0000000008000950        0x4 photodiode_adc THUMB Debug/stm32f4xx_it.o
                0x0000000008000950                SVC_Handler
 .text.DebugMon_Handler
                0x0000000008000954        0x4 photodiode_adc THUMB Debug/stm32f4xx_it.o
                0x0000000008000954                DebugMon_Handler
 .text.PendSV_Handler
                0x0000000008000958        0x4 photodiode_adc THUMB Debug/stm32f4xx_it.o
                0x0000000008000958                PendSV_Handler
 .text.SysTick_Handler
                0x000000000800095c        0xa photodiode_adc THUMB Debug/stm32f4xx_it.o
                0x000000000800095c                SysTick_Handler
 *fill*         0x0000000008000966        0x2 
 .text.HAL_MspInit
                0x0000000008000968       0x50 photodiode_adc THUMB Debug/stm32f4xx_hal_msp.o
                0x0000000008000968                HAL_MspInit
 .text.HAL_I2C_MspInit
                0x00000000080009b8       0x8c photodiode_adc THUMB Debug/stm32f4xx_hal_msp.o
                0x00000000080009b8                HAL_I2C_MspInit
 .text.HAL_SPI_MspInit
                0x0000000008000a44       0x88 photodiode_adc THUMB Debug/stm32f4xx_hal_msp.o
                0x0000000008000a44                HAL_SPI_MspInit
 .text.HAL_UART_MspInit
                0x0000000008000acc       0x88 photodiode_adc THUMB Debug/stm32f4xx_hal_msp.o
                0x0000000008000acc                HAL_UART_MspInit
 .text.HAL_I2C_Init
                0x0000000008000b54      0x1c0 photodiode_adc THUMB Debug/stm32f4xx_hal_i2c.o
                0x0000000008000b54                HAL_I2C_Init
 .text.HAL_I2C_Master_Transmit
                0x0000000008000d14      0x220 photodiode_adc THUMB Debug/stm32f4xx_hal_i2c.o
                0x0000000008000d14                HAL_I2C_Master_Transmit
 .text.I2C_MasterRequestWrite
                0x0000000008000f34      0x10c photodiode_adc THUMB Debug/stm32f4xx_hal_i2c.o
 .text.I2C_WaitOnFlagUntilTimeout
                0x0000000008001040       0xa4 photodiode_adc THUMB Debug/stm32f4xx_hal_i2c.o
 .text.I2C_WaitOnMasterAddressFlagUntilTimeout
                0x00000000080010e4       0xda photodiode_adc THUMB Debug/stm32f4xx_hal_i2c.o
 .text.I2C_WaitOnTXEFlagUntilTimeout
                0x00000000080011be       0x78 photodiode_adc THUMB Debug/stm32f4xx_hal_i2c.o
 .text.I2C_WaitOnBTFFlagUntilTimeout
                0x0000000008001236       0x78 photodiode_adc THUMB Debug/stm32f4xx_hal_i2c.o
 .text.I2C_IsAcknowledgeFailed
                0x00000000080012ae       0x46 photodiode_adc THUMB Debug/stm32f4xx_hal_i2c.o
 .text.HAL_SPI_Init
                0x00000000080012f4       0xc6 photodiode_adc THUMB Debug/stm32f4xx_hal_spi.o
                0x00000000080012f4                HAL_SPI_Init
 .text.HAL_SPI_Transmit
                0x00000000080013ba      0x292 photodiode_adc THUMB Debug/stm32f4xx_hal_spi.o
                0x00000000080013ba                HAL_SPI_Transmit
 .text.HAL_SPI_TransmitReceive
                0x000000000800164c      0x34a photodiode_adc THUMB Debug/stm32f4xx_hal_spi.o
                0x000000000800164c                HAL_SPI_TransmitReceive
 .text.SPI_WaitFlagStateUntilTimeout
                0x0000000008001996       0xd0 photodiode_adc THUMB Debug/stm32f4xx_hal_spi.o
 .text.SPI_CheckFlag_BSY
                0x0000000008001a66       0x3a photodiode_adc THUMB Debug/stm32f4xx_hal_spi.o
 .text.HAL_UART_Init
                0x0000000008001aa0       0x98 photodiode_adc THUMB Debug/stm32f4xx_hal_uart.o
                0x0000000008001aa0                HAL_UART_Init
 .text.HAL_UART_Transmit
                0x0000000008001b38      0x138 photodiode_adc THUMB Debug/stm32f4xx_hal_uart.o
                0x0000000008001b38                HAL_UART_Transmit
 .text.UART_WaitOnFlagUntilTimeout
                0x0000000008001c70       0x96 photodiode_adc THUMB Debug/stm32f4xx_hal_uart.o
 *fill*         0x0000000008001d06        0x2 
 .text.UART_SetConfig
                0x0000000008001d08      0x438 photodiode_adc THUMB Debug/stm32f4xx_hal_uart.o
 .text.HAL_RCC_OscConfig
                0x0000000008002140      0x484 photodiode_adc THUMB Debug/stm32f4xx_hal_rcc.o
                0x0000000008002140                HAL_RCC_OscConfig
 .text.HAL_RCC_ClockConfig
                0x00000000080025c4      0x1c0 photodiode_adc THUMB Debug/stm32f4xx_hal_rcc.o
                0x00000000080025c4                HAL_RCC_ClockConfig
 .text.HAL_RCC_GetSysClockFreq
                0x0000000008002784      0x1b8 photodiode_adc THUMB Debug/stm32f4xx_hal_rcc.o
                0x0000000008002784                HAL_RCC_GetSysClockFreq
 .text.HAL_RCC_GetHCLKFreq
                0x000000000800293c        0xc photodiode_adc THUMB Debug/stm32f4xx_hal_rcc.o
                0x000000000800293c                HAL_RCC_GetHCLKFreq
 .text.HAL_RCC_GetPCLK1Freq
                0x0000000008002948       0x28 photodiode_adc THUMB Debug/stm32f4xx_hal_rcc.o
                0x0000000008002948                HAL_RCC_GetPCLK1Freq
 .text.HAL_RCC_GetPCLK2Freq
                0x0000000008002970       0x28 photodiode_adc THUMB Debug/stm32f4xx_hal_rcc.o
                0x0000000008002970                HAL_RCC_GetPCLK2Freq
 .text.HAL_GPIO_Init
                0x0000000008002998      0x2fc photodiode_adc THUMB Debug/stm32f4xx_hal_gpio.o
                0x0000000008002998                HAL_GPIO_Init
 .text.HAL_GPIO_WritePin
                0x0000000008002c94       0x32 photodiode_adc THUMB Debug/stm32f4xx_hal_gpio.o
                0x0000000008002c94                HAL_GPIO_WritePin
 *fill*         0x0000000008002cc6        0x2 
 .text.HAL_GPIO_EXTI_IRQHandler
                0x0000000008002cc8       0x38 photodiode_adc THUMB Debug/stm32f4xx_hal_gpio.o
                0x0000000008002cc8                HAL_GPIO_EXTI_IRQHandler
 .text.NVIC_SetPriorityGrouping
                0x0000000008002d00       0x40 photodiode_adc THUMB Debug/stm32f4xx_hal_cortex.o
 .text.NVIC_GetPriorityGrouping
                0x0000000008002d40       0x14 photodiode_adc THUMB Debug/stm32f4xx_hal_cortex.o
 .text.NVIC_EnableIRQ
                0x0000000008002d54       0x2c photodiode_adc THUMB Debug/stm32f4xx_hal_cortex.o
 .text.NVIC_SetPriority
                0x0000000008002d80       0x50 photodiode_adc THUMB Debug/stm32f4xx_hal_cortex.o
 .text.NVIC_EncodePriority
                0x0000000008002dd0       0x58 photodiode_adc THUMB Debug/stm32f4xx_hal_cortex.o
 .text.SysTick_Config
                0x0000000008002e28       0x40 photodiode_adc THUMB Debug/stm32f4xx_hal_cortex.o
 .text.HAL_NVIC_SetPriorityGrouping
                0x0000000008002e68       0x14 photodiode_adc THUMB Debug/stm32f4xx_hal_cortex.o
                0x0000000008002e68                HAL_NVIC_SetPriorityGrouping
 .text.HAL_NVIC_SetPriority
                0x0000000008002e7c       0x38 photodiode_adc THUMB Debug/stm32f4xx_hal_cortex.o
                0x0000000008002e7c                HAL_NVIC_SetPriority
 .text.HAL_NVIC_EnableIRQ
                0x0000000008002eb4       0x1c photodiode_adc THUMB Debug/stm32f4xx_hal_cortex.o
                0x0000000008002eb4                HAL_NVIC_EnableIRQ
 .text.HAL_SYSTICK_Config
                0x0000000008002ed0       0x16 photodiode_adc THUMB Debug/stm32f4xx_hal_cortex.o
                0x0000000008002ed0                HAL_SYSTICK_Config
 *fill*         0x0000000008002ee6        0x2 
 .text.HAL_Init
                0x0000000008002ee8       0x40 photodiode_adc THUMB Debug/stm32f4xx_hal.o
                0x0000000008002ee8                HAL_Init
 .text.HAL_InitTick
                0x0000000008002f28       0x60 photodiode_adc THUMB Debug/stm32f4xx_hal.o
                0x0000000008002f28                HAL_InitTick
 .text.HAL_IncTick
                0x0000000008002f88       0x1c photodiode_adc THUMB Debug/stm32f4xx_hal.o
                0x0000000008002f88                HAL_IncTick
 .text.HAL_GetTick
                0x0000000008002fa4        0xc photodiode_adc THUMB Debug/stm32f4xx_hal.o
                0x0000000008002fa4                HAL_GetTick
 .text.SystemInit
                0x0000000008002fb0       0x54 photodiode_adc THUMB Debug/system_stm32f4xx.o
                0x0000000008002fb0                SystemInit
 .text.libc.__int64_udivmod
                0x0000000008003004       0xce C:/Program Files/Rowley Associates Limited/CrossWorks for ARM 4.7/lib/libc_v7em_t_le_eabi.a(libc_asm.o)
                0x0000000008003004                __aeabi_uldivmod
                0x0000000008003004                __int64_udiv
                0x0000000008003004                __udivdi3
                0x0000000008003004                __int64_udivmod
 .text.libc.memset
                0x00000000080030d2       0x66 C:/Program Files/Rowley Associates Limited/CrossWorks for ARM 4.7/lib/libc_v7em_t_le_eabi.a(libc2_asm.o)
                0x00000000080030d2                memset
                0x0000000008003138                __text_end__ = (__text_start__ + SIZEOF (.text))
                0x0000000000002dac                __text_size__ = SIZEOF (.text)
                0x0000000008003138                __text_load_end__ = __text_end__

.vfp11_veneer   0x0000000100000000        0x0
 .vfp11_veneer  0x0000000100000000        0x0 linker stubs

.v4_bx          0x0000000100000000        0x0
 .v4_bx         0x0000000100000000        0x0 linker stubs

.iplt           0x0000000100000000        0x0
 .iplt          0x0000000100000000        0x0 photodiode_adc THUMB Debug/thumb_crt0.o
                0x0000000000000001                . = ASSERT (((__text_start__ == __text_end__) || ((__text_end__ - __FLASH_segment_start__) <= __FLASH_segment_size__)), error: .text is too large to fit in FLASH memory segment)
                0x0000000008003138                __dtors_load_start__ = ALIGN (__text_end__, 0x4)

.dtors          0x0000000008003138        0x0
                0x0000000008003138                __dtors_start__ = .
 *(SORT_BY_NAME(.dtors.*))
 *(.dtors)
 *(.fini_array)
 *(SORT_BY_NAME(.fini_array.*))
                0x0000000008003138                __dtors_end__ = (__dtors_start__ + SIZEOF (.dtors))
                0x0000000000000000                __dtors_size__ = SIZEOF (.dtors)
                0x0000000008003138                __dtors_load_end__ = __dtors_end__
                0x0000000000000001                . = ASSERT (((__dtors_start__ == __dtors_end__) || ((__dtors_end__ - __FLASH_segment_start__) <= __FLASH_segment_size__)), error: .dtors is too large to fit in FLASH memory segment)
                0x0000000008003138                __ctors_load_start__ = ALIGN (__dtors_end__, 0x4)

.ctors          0x0000000008003138        0x0
                0x0000000008003138                __ctors_start__ = .
 *(SORT_BY_NAME(.ctors.*))
 *(.ctors)
 *(.init_array)
 *(SORT_BY_NAME(.init_array.*))
                0x0000000008003138                __ctors_end__ = (__ctors_start__ + SIZEOF (.ctors))
                0x0000000000000000                __ctors_size__ = SIZEOF (.ctors)
                0x0000000008003138                __ctors_load_end__ = __ctors_end__
                0x0000000000000001                . = ASSERT (((__ctors_start__ == __ctors_end__) || ((__ctors_end__ - __FLASH_segment_start__) <= __FLASH_segment_size__)), error: .ctors is too large to fit in FLASH memory segment)
                0x0000000008003138                __rodata_load_start__ = ALIGN (__ctors_end__, 0x4)

.rodata         0x0000000008003138       0x20
                0x0000000008003138                __rodata_start__ = .
 *(.rodata .rodata.* .gnu.linkonce.r.*)
 .rodata        0x0000000008003138        0x8 photodiode_adc THUMB Debug/main.o
 .rodata.AHBPrescTable
                0x0000000008003140       0x10 photodiode_adc THUMB Debug/system_stm32f4xx.o
                0x0000000008003140                AHBPrescTable
 .rodata.APBPrescTable
                0x0000000008003150        0x8 photodiode_adc THUMB Debug/system_stm32f4xx.o
                0x0000000008003150                APBPrescTable
                0x0000000008003158                __rodata_end__ = (__rodata_start__ + SIZEOF (.rodata))
                0x0000000000000020                __rodata_size__ = SIZEOF (.rodata)
                0x0000000008003158                __rodata_load_end__ = __rodata_end__

.rel.dyn        0x0000000008000000        0x0
 .rel.iplt      0x0000000008000000        0x0 photodiode_adc THUMB Debug/thumb_crt0.o
                0x0000000000000001                . = ASSERT (((__rodata_start__ == __rodata_end__) || ((__rodata_end__ - __FLASH_segment_start__) <= __FLASH_segment_size__)), error: .rodata is too large to fit in FLASH memory segment)
                0x0000000008003158                __ARM.exidx_load_start__ = ALIGN (__rodata_end__, 0x4)

.ARM.exidx      0x0000000008003158        0x0
                0x0000000008003158                __ARM.exidx_start__ = .
                0x0000000008003158                __exidx_start = __ARM.exidx_start__
 *(.ARM.exidx .ARM.exidx.*)
                0x0000000008003158                __ARM.exidx_end__ = (__ARM.exidx_start__ + SIZEOF (.ARM.exidx))
                0x0000000000000000                __ARM.exidx_size__ = SIZEOF (.ARM.exidx)
                0x0000000008003158                __exidx_end = __ARM.exidx_end__
                0x0000000008003158                __ARM.exidx_load_end__ = __ARM.exidx_end__
                0x0000000000000001                . = ASSERT (((__ARM.exidx_start__ == __ARM.exidx_end__) || ((__ARM.exidx_end__ - __FLASH_segment_start__) <= __FLASH_segment_size__)), error: .ARM.exidx is too large to fit in FLASH memory segment)
                0x0000000008003158                __fast_load_start__ = ALIGN (__ARM.exidx_end__, 0x4)

.fast           0x0000000020000000        0x0 load address 0x0000000008003158
                0x0000000020000000                __fast_start__ = .
 *(.fast .fast.*)
                0x0000000020000000                __fast_end__ = (__fast_start__ + SIZEOF (.fast))
                0x0000000000000000                __fast_size__ = SIZEOF (.fast)
                0x0000000008003158                __fast_load_end__ = (__fast_load_start__ + SIZEOF (.fast))
                0x0000000000000001                . = ASSERT (((__fast_load_start__ == __fast_load_end__) || ((__fast_load_end__ - __FLASH_segment_start__) <= __FLASH_segment_size__)), error: .fast is too large to fit in FLASH memory segment)

.fast_run       0x0000000020000000        0x0
                0x0000000020000000                __fast_run_start__ = .
                0x0000000020000000                . = MAX ((__fast_run_start__ + SIZEOF (.fast)), .)
                0x0000000020000000                __fast_run_end__ = (__fast_run_start__ + SIZEOF (.fast_run))
                0x0000000000000000                __fast_run_size__ = SIZEOF (.fast_run)
                0x0000000020000000                __fast_run_load_end__ = __fast_run_end__
                0x0000000000000001                . = ASSERT (((__fast_run_start__ == __fast_run_end__) || ((__fast_run_end__ - __RAM_segment_start__) <= __RAM_segment_size__)), error: .fast_run is too large to fit in RAM memory segment)
                0x0000000008003158                __data_load_start__ = ALIGN ((__fast_load_start__ + SIZEOF (.fast)), 0x4)

.data           0x0000000020000000        0xc load address 0x0000000008003158
                0x0000000020000000                __data_start__ = .
 *(.data .data.* .gnu.linkonce.d.*)
 .data.uwTickPrio
                0x0000000020000000        0x4 photodiode_adc THUMB Debug/stm32f4xx_hal.o
                0x0000000020000000                uwTickPrio
 .data.uwTickFreq
                0x0000000020000004        0x1 photodiode_adc THUMB Debug/stm32f4xx_hal.o
                0x0000000020000004                uwTickFreq
 *fill*         0x0000000020000005        0x3 
 .data.SystemCoreClock
                0x0000000020000008        0x4 photodiode_adc THUMB Debug/system_stm32f4xx.o
                0x0000000020000008                SystemCoreClock
                0x000000002000000c                __data_end__ = (__data_start__ + SIZEOF (.data))
                0x000000000000000c                __data_size__ = SIZEOF (.data)
                0x0000000008003164                __data_load_end__ = (__data_load_start__ + SIZEOF (.data))

.igot.plt       0x0000000100000000        0x0
 .igot.plt      0x0000000100000000        0x0 photodiode_adc THUMB Debug/thumb_crt0.o
                0x0000000000000001                . = ASSERT (((__data_load_start__ == __data_load_end__) || ((__data_load_end__ - __FLASH_segment_start__) <= __FLASH_segment_size__)), error: .data is too large to fit in FLASH memory segment)

.data_run       0x0000000020000000        0xc load address 0x0000000008003158
                0x0000000020000000                __data_run_start__ = .
                0x000000002000000c                . = MAX ((__data_run_start__ + SIZEOF (.data)), .)
 *fill*         0x0000000020000000        0xc 
                0x000000002000000c                __data_run_end__ = (__data_run_start__ + SIZEOF (.data_run))
                0x000000000000000c                __data_run_size__ = SIZEOF (.data_run)
                0x000000002000000c                __data_run_load_end__ = __data_run_end__
                0x0000000000000001                . = ASSERT (((__data_run_start__ == __data_run_end__) || ((__data_run_end__ - __RAM_segment_start__) <= __RAM_segment_size__)), error: .data_run is too large to fit in RAM memory segment)
                0x000000002000000c                __bss_load_start__ = ALIGN (__data_run_end__, 0x4)

.bss            0x000000002000000c       0xf4
                0x000000002000000c                __bss_start__ = .
 *(.bss .bss.* .gnu.linkonce.b.*)
 .bss.hi2c1     0x000000002000000c       0x54 photodiode_adc THUMB Debug/main.o
                0x000000002000000c                hi2c1
 .bss.hspi1     0x0000000020000060       0x58 photodiode_adc THUMB Debug/main.o
                0x0000000020000060                hspi1
 .bss.huart2    0x00000000200000b8       0x40 photodiode_adc THUMB Debug/main.o
                0x00000000200000b8                huart2
 .bss.new_ADC_Data_Flag
                0x00000000200000f8        0x1 photodiode_adc THUMB Debug/main.o
                0x00000000200000f8                new_ADC_Data_Flag
 *fill*         0x00000000200000f9        0x3 
 .bss.uwTick    0x00000000200000fc        0x4 photodiode_adc THUMB Debug/stm32f4xx_hal.o
                0x00000000200000fc                uwTick
 *(COMMON)
                0x0000000020000100                __bss_end__ = (__bss_start__ + SIZEOF (.bss))
                0x00000000000000f4                __bss_size__ = SIZEOF (.bss)
                0x0000000020000100                __bss_load_end__ = __bss_end__
                0x0000000000000001                . = ASSERT (((__bss_start__ == __bss_end__) || ((__bss_end__ - __RAM_segment_start__) <= __RAM_segment_size__)), error: .bss is too large to fit in RAM memory segment)
                0x0000000020000100                __tbss_load_start__ = ALIGN (__bss_end__, 0x4)

.tbss           0x0000000020000100        0x0
                0x0000000020000100                __tbss_start__ = .
 *(.tbss .tbss.*)
                0x0000000020000100                __tbss_end__ = (__tbss_start__ + SIZEOF (.tbss))
                0x0000000000000000                __tbss_size__ = SIZEOF (.tbss)
                0x0000000020000100                __tbss_load_end__ = __tbss_end__
                0x0000000000000001                . = ASSERT (((__tbss_start__ == __tbss_end__) || ((__tbss_end__ - __RAM_segment_start__) <= __RAM_segment_size__)), error: .tbss is too large to fit in RAM memory segment)
                0x0000000008003164                __tdata_load_start__ = ALIGN ((__data_load_start__ + SIZEOF (.data)), 0x4)

.tdata          0x0000000020000100        0x0 load address 0x0000000008003164
                0x0000000020000100                __tdata_start__ = .
 *(.tdata .tdata.*)
                0x0000000020000100                __tdata_end__ = (__tdata_start__ + SIZEOF (.tdata))
                0x0000000000000000                __tdata_size__ = SIZEOF (.tdata)
                0x0000000008003164                __tdata_load_end__ = (__tdata_load_start__ + SIZEOF (.tdata))
                0x0000000008003164                __FLASH_segment_used_end__ = (ALIGN ((__data_load_start__ + SIZEOF (.data)), 0x4) + SIZEOF (.tdata))
                0x0000000000003164                __FLASH_segment_used_size__ = (__FLASH_segment_used_end__ - __FLASH_segment_start__)
                0x0000000000000001                . = ASSERT (((__tdata_load_start__ == __tdata_load_end__) || ((__tdata_load_end__ - __FLASH_segment_start__) <= __FLASH_segment_size__)), error: .tdata is too large to fit in FLASH memory segment)

.tdata_run      0x0000000020000100        0x0
                0x0000000020000100                __tdata_run_start__ = .
                0x0000000020000100                . = MAX ((__tdata_run_start__ + SIZEOF (.tdata)), .)
                0x0000000020000100                __tdata_run_end__ = (__tdata_run_start__ + SIZEOF (.tdata_run))
                0x0000000000000000                __tdata_run_size__ = SIZEOF (.tdata_run)
                0x0000000020000100                __tdata_run_load_end__ = __tdata_run_end__
                0x0000000000000001                . = ASSERT (((__tdata_run_start__ == __tdata_run_end__) || ((__tdata_run_end__ - __RAM_segment_start__) <= __RAM_segment_size__)), error: .tdata_run is too large to fit in RAM memory segment)
                0x0000000020000100                __non_init_load_start__ = ALIGN (__tdata_run_end__, 0x4)

.non_init       0x0000000020000100        0x0
                0x0000000020000100                __non_init_start__ = .
 *(.non_init .non_init.*)
                0x0000000020000100                __non_init_end__ = (__non_init_start__ + SIZEOF (.non_init))
                0x0000000000000000                __non_init_size__ = SIZEOF (.non_init)
                0x0000000020000100                __non_init_load_end__ = __non_init_end__
                0x0000000000000001                . = ASSERT (((__non_init_start__ == __non_init_end__) || ((__non_init_end__ - __RAM_segment_start__) <= __RAM_segment_size__)), error: .non_init is too large to fit in RAM memory segment)
                0x0000000020000100                __heap_load_start__ = ALIGN (__non_init_end__, 0x4)

.heap           0x0000000020000100       0x80
                0x0000000020000100                __heap_start__ = .
 *(.heap .heap.*)
                0x0000000020000180                . = ALIGN (MAX ((__heap_start__ + __HEAPSIZE__), .), 0x4)
 *fill*         0x0000000020000100       0x80 
                0x0000000020000180                __heap_end__ = (__heap_start__ + SIZEOF (.heap))
                0x0000000000000080                __heap_size__ = SIZEOF (.heap)
                0x0000000020000180                __heap_load_end__ = __heap_end__
                0x0000000000000001                . = ASSERT (((__heap_start__ == __heap_end__) || ((__heap_end__ - __RAM_segment_start__) <= __RAM_segment_size__)), error: .heap is too large to fit in RAM memory segment)
                0x0000000020000180                __stack_load_start__ = ALIGN (__heap_end__, 0x8)

.stack          0x0000000020000180      0x100
                0x0000000020000180                __stack_start__ = .
 *(.stack .stack.*)
                0x0000000020000280                . = ALIGN (MAX ((__stack_start__ + __STACKSIZE__), .), 0x8)
 *fill*         0x0000000020000180      0x100 
                0x0000000020000280                __stack_end__ = (__stack_start__ + SIZEOF (.stack))
                0x0000000000000100                __stack_size__ = SIZEOF (.stack)
                0x0000000020000280                __stack_load_end__ = __stack_end__
                0x0000000000000001                . = ASSERT (((__stack_start__ == __stack_end__) || ((__stack_end__ - __RAM_segment_start__) <= __RAM_segment_size__)), error: .stack is too large to fit in RAM memory segment)
                0x0000000020000280                __stack_process_load_start__ = ALIGN (__stack_end__, 0x8)

.stack_process  0x0000000020000280        0x0
                0x0000000020000280                __stack_process_start__ = .
 *(.stack_process .stack_process.*)
                0x0000000020000280                . = ALIGN (MAX ((__stack_process_start__ + __STACKSIZE_PROCESS__), .), 0x8)
                0x0000000020000280                __stack_process_end__ = (__stack_process_start__ + SIZEOF (.stack_process))
                0x0000000000000000                __stack_process_size__ = SIZEOF (.stack_process)
                0x0000000020000280                __stack_process_load_end__ = __stack_process_end__
                0x0000000020000280                __RAM_segment_used_end__ = (ALIGN (__stack_end__, 0x8) + SIZEOF (.stack_process))
                0x0000000000000280                __RAM_segment_used_size__ = (__RAM_segment_used_end__ - __RAM_segment_start__)
                0x0000000000000001                . = ASSERT (((__stack_process_start__ == __stack_process_end__) || ((__stack_process_end__ - __RAM_segment_start__) <= __RAM_segment_size__)), error: .stack_process is too large to fit in RAM memory segment)
START GROUP
LOAD photodiode_adc THUMB Debug/thumb_crt0.o
LOAD photodiode_adc THUMB Debug/STM32_Startup.o
LOAD photodiode_adc THUMB Debug/main.o
LOAD photodiode_adc THUMB Debug/stm32f4xx_it.o
LOAD photodiode_adc THUMB Debug/stm32f4xx_hal_msp.o
LOAD photodiode_adc THUMB Debug/stm32f4xx_hal_i2c.o
LOAD photodiode_adc THUMB Debug/stm32f4xx_hal_i2c_ex.o
LOAD photodiode_adc THUMB Debug/stm32f4xx_hal_spi.o
LOAD photodiode_adc THUMB Debug/stm32f4xx_hal_tim.o
LOAD photodiode_adc THUMB Debug/stm32f4xx_hal_tim_ex.o
LOAD photodiode_adc THUMB Debug/stm32f4xx_hal_uart.o
LOAD photodiode_adc THUMB Debug/stm32f4xx_hal_rcc.o
LOAD photodiode_adc THUMB Debug/stm32f4xx_hal_rcc_ex.o
LOAD photodiode_adc THUMB Debug/stm32f4xx_hal_flash.o
LOAD photodiode_adc THUMB Debug/stm32f4xx_hal_flash_ex.o
LOAD photodiode_adc THUMB Debug/stm32f4xx_hal_flash_ramfunc.o
LOAD photodiode_adc THUMB Debug/stm32f4xx_hal_gpio.o
LOAD photodiode_adc THUMB Debug/stm32f4xx_hal_dma_ex.o
LOAD photodiode_adc THUMB Debug/stm32f4xx_hal_dma.o
LOAD photodiode_adc THUMB Debug/stm32f4xx_hal_pwr.o
LOAD photodiode_adc THUMB Debug/stm32f4xx_hal_pwr_ex.o
LOAD photodiode_adc THUMB Debug/stm32f4xx_hal_cortex.o
LOAD photodiode_adc THUMB Debug/stm32f4xx_hal.o
LOAD photodiode_adc THUMB Debug/system_stm32f4xx.o
LOAD C:/Program Files/Rowley Associates Limited/CrossWorks for ARM 4.7/lib/libcm_v7em_t_le_eabi.a
LOAD C:/Program Files/Rowley Associates Limited/CrossWorks for ARM 4.7/lib/libm_v7em_t_le_eabi.a
LOAD C:/Program Files/Rowley Associates Limited/CrossWorks for ARM 4.7/lib/libc_v7em_t_le_eabi.a
LOAD C:/Program Files/Rowley Associates Limited/CrossWorks for ARM 4.7/lib/libdebugio_v7em_t_le_eabi.a
END GROUP
OUTPUT(photodiode_adc THUMB Debug/photodiode_adc.elf elf32-littlearm)

.ARM.attributes
                0x0000000000000000       0x2f
 .ARM.attributes
                0x0000000000000000       0x21 photodiode_adc THUMB Debug/thumb_crt0.o
 .ARM.attributes
                0x0000000000000021       0x21 photodiode_adc THUMB Debug/STM32_Startup.o
 .ARM.attributes
                0x0000000000000042       0x33 photodiode_adc THUMB Debug/main.o
 .ARM.attributes
                0x0000000000000075       0x33 photodiode_adc THUMB Debug/stm32f4xx_it.o
 .ARM.attributes
                0x00000000000000a8       0x33 photodiode_adc THUMB Debug/stm32f4xx_hal_msp.o
 .ARM.attributes
                0x00000000000000db       0x33 photodiode_adc THUMB Debug/stm32f4xx_hal_i2c.o
 .ARM.attributes
                0x000000000000010e       0x33 photodiode_adc THUMB Debug/stm32f4xx_hal_spi.o
 .ARM.attributes
                0x0000000000000141       0x33 photodiode_adc THUMB Debug/stm32f4xx_hal_uart.o
 .ARM.attributes
                0x0000000000000174       0x33 photodiode_adc THUMB Debug/stm32f4xx_hal_rcc.o
 .ARM.attributes
                0x00000000000001a7       0x33 photodiode_adc THUMB Debug/stm32f4xx_hal_gpio.o
 .ARM.attributes
                0x00000000000001da       0x33 photodiode_adc THUMB Debug/stm32f4xx_hal_cortex.o
 .ARM.attributes
                0x000000000000020d       0x33 photodiode_adc THUMB Debug/stm32f4xx_hal.o
 .ARM.attributes
                0x0000000000000240       0x33 photodiode_adc THUMB Debug/system_stm32f4xx.o
 .ARM.attributes
                0x0000000000000273       0x1c C:/Program Files/Rowley Associates Limited/CrossWorks for ARM 4.7/lib/libc_v7em_t_le_eabi.a(libc_asm.o)
 .ARM.attributes
                0x000000000000028f       0x1c C:/Program Files/Rowley Associates Limited/CrossWorks for ARM 4.7/lib/libc_v7em_t_le_eabi.a(libc2_asm.o)

.comment        0x0000000000000000       0x47
 .comment       0x0000000000000000       0x47 photodiode_adc THUMB Debug/main.o
                                         0x48 (size before relaxing)
 .comment       0x0000000000000047       0x48 photodiode_adc THUMB Debug/stm32f4xx_it.o
 .comment       0x0000000000000047       0x48 photodiode_adc THUMB Debug/stm32f4xx_hal_msp.o
 .comment       0x0000000000000047       0x48 photodiode_adc THUMB Debug/stm32f4xx_hal_i2c.o
 .comment       0x0000000000000047       0x48 photodiode_adc THUMB Debug/stm32f4xx_hal_spi.o
 .comment       0x0000000000000047       0x48 photodiode_adc THUMB Debug/stm32f4xx_hal_uart.o
 .comment       0x0000000000000047       0x48 photodiode_adc THUMB Debug/stm32f4xx_hal_rcc.o
 .comment       0x0000000000000047       0x48 photodiode_adc THUMB Debug/stm32f4xx_hal_gpio.o
 .comment       0x0000000000000047       0x48 photodiode_adc THUMB Debug/stm32f4xx_hal_cortex.o
 .comment       0x0000000000000047       0x48 photodiode_adc THUMB Debug/stm32f4xx_hal.o
 .comment       0x0000000000000047       0x48 photodiode_adc THUMB Debug/system_stm32f4xx.o

.debug_line     0x0000000000000000     0x9a55
 .debug_line    0x0000000000000000      0x200 photodiode_adc THUMB Debug/thumb_crt0.o
 .debug_line    0x0000000000000200      0x113 photodiode_adc THUMB Debug/STM32_Startup.o
 .debug_line    0x0000000000000313      0x6e7 photodiode_adc THUMB Debug/main.o
 .debug_line    0x00000000000009fa      0x4dc photodiode_adc THUMB Debug/stm32f4xx_it.o
 .debug_line    0x0000000000000ed6      0x508 photodiode_adc THUMB Debug/stm32f4xx_hal_msp.o
 .debug_line    0x00000000000013de     0x31a7 photodiode_adc THUMB Debug/stm32f4xx_hal_i2c.o
 .debug_line    0x0000000000004585     0x1821 photodiode_adc THUMB Debug/stm32f4xx_hal_spi.o
 .debug_line    0x0000000000005da6     0x14c0 photodiode_adc THUMB Debug/stm32f4xx_hal_uart.o
 .debug_line    0x0000000000007266      0xa27 photodiode_adc THUMB Debug/stm32f4xx_hal_rcc.o
 .debug_line    0x0000000000007c8d      0x840 photodiode_adc THUMB Debug/stm32f4xx_hal_gpio.o
 .debug_line    0x00000000000084cd      0x9db photodiode_adc THUMB Debug/stm32f4xx_hal_cortex.o
 .debug_line    0x0000000000008ea8      0x6ee photodiode_adc THUMB Debug/stm32f4xx_hal.o
 .debug_line    0x0000000000009596      0x4bf photodiode_adc THUMB Debug/system_stm32f4xx.o

.debug_info     0x0000000000000000     0xdab8
 .debug_info    0x0000000000000000       0x22 photodiode_adc THUMB Debug/thumb_crt0.o
 .debug_info    0x0000000000000022       0x26 photodiode_adc THUMB Debug/STM32_Startup.o
 .debug_info    0x0000000000000048     0x1a1a photodiode_adc THUMB Debug/main.o
 .debug_info    0x0000000000001a62      0x72b photodiode_adc THUMB Debug/stm32f4xx_it.o
 .debug_info    0x000000000000218d     0x1561 photodiode_adc THUMB Debug/stm32f4xx_hal_msp.o
 .debug_info    0x00000000000036ee     0x27a6 photodiode_adc THUMB Debug/stm32f4xx_hal_i2c.o
 .debug_info    0x0000000000005e94     0x1b6e photodiode_adc THUMB Debug/stm32f4xx_hal_spi.o
 .debug_info    0x0000000000007a02     0x1823 photodiode_adc THUMB Debug/stm32f4xx_hal_uart.o
 .debug_info    0x0000000000009225      0xea9 photodiode_adc THUMB Debug/stm32f4xx_hal_rcc.o
 .debug_info    0x000000000000a0ce      0xd5a photodiode_adc THUMB Debug/stm32f4xx_hal_gpio.o
 .debug_info    0x000000000000ae28     0x1348 photodiode_adc THUMB Debug/stm32f4xx_hal_cortex.o
 .debug_info    0x000000000000c170      0xe6a photodiode_adc THUMB Debug/stm32f4xx_hal.o
 .debug_info    0x000000000000cfda      0xade photodiode_adc THUMB Debug/system_stm32f4xx.o

.debug_abbrev   0x0000000000000000     0x1acc
 .debug_abbrev  0x0000000000000000       0x12 photodiode_adc THUMB Debug/thumb_crt0.o
 .debug_abbrev  0x0000000000000012       0x14 photodiode_adc THUMB Debug/STM32_Startup.o
 .debug_abbrev  0x0000000000000026      0x2e8 photodiode_adc THUMB Debug/main.o
 .debug_abbrev  0x000000000000030e      0x144 photodiode_adc THUMB Debug/stm32f4xx_it.o
 .debug_abbrev  0x0000000000000452      0x217 photodiode_adc THUMB Debug/stm32f4xx_hal_msp.o
 .debug_abbrev  0x0000000000000669      0x29f photodiode_adc THUMB Debug/stm32f4xx_hal_i2c.o
 .debug_abbrev  0x0000000000000908      0x2ac photodiode_adc THUMB Debug/stm32f4xx_hal_spi.o
 .debug_abbrev  0x0000000000000bb4      0x2bf photodiode_adc THUMB Debug/stm32f4xx_hal_uart.o
 .debug_abbrev  0x0000000000000e73      0x2ba photodiode_adc THUMB Debug/stm32f4xx_hal_rcc.o
 .debug_abbrev  0x000000000000112d      0x236 photodiode_adc THUMB Debug/stm32f4xx_hal_gpio.o
 .debug_abbrev  0x0000000000001363      0x364 photodiode_adc THUMB Debug/stm32f4xx_hal_cortex.o
 .debug_abbrev  0x00000000000016c7      0x26e photodiode_adc THUMB Debug/stm32f4xx_hal.o
 .debug_abbrev  0x0000000000001935      0x197 photodiode_adc THUMB Debug/system_stm32f4xx.o

.debug_aranges  0x0000000000000000      0xad0
 .debug_aranges
                0x0000000000000000       0x88 photodiode_adc THUMB Debug/thumb_crt0.o
 .debug_aranges
                0x0000000000000088       0x20 photodiode_adc THUMB Debug/STM32_Startup.o
 .debug_aranges
                0x00000000000000a8       0x78 photodiode_adc THUMB Debug/main.o
 .debug_aranges
                0x0000000000000120       0x60 photodiode_adc THUMB Debug/stm32f4xx_it.o
 .debug_aranges
                0x0000000000000180       0x50 photodiode_adc THUMB Debug/stm32f4xx_hal_msp.o
 .debug_aranges
                0x00000000000001d0      0x268 photodiode_adc THUMB Debug/stm32f4xx_hal_i2c.o
 .debug_aranges
                0x0000000000000438      0x1c8 photodiode_adc THUMB Debug/stm32f4xx_hal_spi.o
 .debug_aranges
                0x0000000000000600      0x1d0 photodiode_adc THUMB Debug/stm32f4xx_hal_uart.o
 .debug_aranges
                0x00000000000007d0       0x88 photodiode_adc THUMB Debug/stm32f4xx_hal_rcc.o
 .debug_aranges
                0x0000000000000858       0x58 photodiode_adc THUMB Debug/stm32f4xx_hal_gpio.o
 .debug_aranges
                0x00000000000008b0      0x118 photodiode_adc THUMB Debug/stm32f4xx_hal_cortex.o
 .debug_aranges
                0x00000000000009c8       0xe0 photodiode_adc THUMB Debug/stm32f4xx_hal.o
 .debug_aranges
                0x0000000000000aa8       0x28 photodiode_adc THUMB Debug/system_stm32f4xx.o

.debug_str      0x0000000000000000    0x7f770
 .debug_str     0x0000000000000000       0xad photodiode_adc THUMB Debug/thumb_crt0.o
 .debug_str     0x00000000000000ad       0x74 photodiode_adc THUMB Debug/STM32_Startup.o
                                         0xcb (size before relaxing)
 .debug_str     0x0000000000000121    0x7cfff photodiode_adc THUMB Debug/main.o
                                      0x7d2bd (size before relaxing)
 .debug_str     0x000000000007d120       0xf6 photodiode_adc THUMB Debug/stm32f4xx_it.o
                                      0x7c3db (size before relaxing)
 .debug_str     0x000000000007d216       0xdd photodiode_adc THUMB Debug/stm32f4xx_hal_msp.o
                                      0x7cd1b (size before relaxing)
 .debug_str     0x000000000007d2f3      0xa96 photodiode_adc THUMB Debug/stm32f4xx_hal_i2c.o
                                      0x7d0f0 (size before relaxing)
 .debug_str     0x000000000007dd89      0x517 photodiode_adc THUMB Debug/stm32f4xx_hal_spi.o
                                      0x7cae3 (size before relaxing)
 .debug_str     0x000000000007e2a0      0x546 photodiode_adc THUMB Debug/stm32f4xx_hal_uart.o
                                      0x7cb18 (size before relaxing)
 .debug_str     0x000000000007e7e6      0x2b3 photodiode_adc THUMB Debug/stm32f4xx_hal_rcc.o
                                      0x7c6e3 (size before relaxing)
 .debug_str     0x000000000007ea99      0x22a photodiode_adc THUMB Debug/stm32f4xx_hal_gpio.o
                                      0x7c54b (size before relaxing)
 .debug_str     0x000000000007ecc3      0x449 photodiode_adc THUMB Debug/stm32f4xx_hal_cortex.o
                                      0x7ca4f (size before relaxing)
 .debug_str     0x000000000007f10c      0x5cc photodiode_adc THUMB Debug/stm32f4xx_hal.o
                                      0x7ccda (size before relaxing)
 .debug_str     0x000000000007f6d8       0x98 photodiode_adc THUMB Debug/system_stm32f4xx.o
                                      0x7c312 (size before relaxing)

.debug_ranges   0x0000000000000000      0x9f8
 .debug_ranges  0x0000000000000000       0x80 photodiode_adc THUMB Debug/thumb_crt0.o
 .debug_ranges  0x0000000000000080       0x68 photodiode_adc THUMB Debug/main.o
 .debug_ranges  0x00000000000000e8       0x50 photodiode_adc THUMB Debug/stm32f4xx_it.o
 .debug_ranges  0x0000000000000138       0x40 photodiode_adc THUMB Debug/stm32f4xx_hal_msp.o
 .debug_ranges  0x0000000000000178      0x258 photodiode_adc THUMB Debug/stm32f4xx_hal_i2c.o
 .debug_ranges  0x00000000000003d0      0x1b8 photodiode_adc THUMB Debug/stm32f4xx_hal_spi.o
 .debug_ranges  0x0000000000000588      0x1c0 photodiode_adc THUMB Debug/stm32f4xx_hal_uart.o
 .debug_ranges  0x0000000000000748       0x78 photodiode_adc THUMB Debug/stm32f4xx_hal_rcc.o
 .debug_ranges  0x00000000000007c0       0x48 photodiode_adc THUMB Debug/stm32f4xx_hal_gpio.o
 .debug_ranges  0x0000000000000808      0x108 photodiode_adc THUMB Debug/stm32f4xx_hal_cortex.o
 .debug_ranges  0x0000000000000910       0xd0 photodiode_adc THUMB Debug/stm32f4xx_hal.o
 .debug_ranges  0x00000000000009e0       0x18 photodiode_adc THUMB Debug/system_stm32f4xx.o

.debug_frame    0x0000000000000000     0x2700
 .debug_frame   0x0000000000000000      0x198 photodiode_adc THUMB Debug/main.o
 .debug_frame   0x0000000000000198       0xac photodiode_adc THUMB Debug/stm32f4xx_it.o
 .debug_frame   0x0000000000000244      0x128 photodiode_adc THUMB Debug/stm32f4xx_hal_msp.o
 .debug_frame   0x000000000000036c      0xa98 photodiode_adc THUMB Debug/stm32f4xx_hal_i2c.o
 .debug_frame   0x0000000000000e04      0x7f0 photodiode_adc THUMB Debug/stm32f4xx_hal_spi.o
 .debug_frame   0x00000000000015f4      0x7ec photodiode_adc THUMB Debug/stm32f4xx_hal_uart.o
 .debug_frame   0x0000000000001de0      0x19c photodiode_adc THUMB Debug/stm32f4xx_hal_rcc.o
 .debug_frame   0x0000000000001f7c      0x118 photodiode_adc THUMB Debug/stm32f4xx_hal_gpio.o
 .debug_frame   0x0000000000002094      0x41c photodiode_adc THUMB Debug/stm32f4xx_hal_cortex.o
 .debug_frame   0x00000000000024b0      0x210 photodiode_adc THUMB Debug/stm32f4xx_hal.o
 .debug_frame   0x00000000000026c0       0x40 photodiode_adc THUMB Debug/system_stm32f4xx.o

.debug_pubnames
                0x0000000000000000     0x322d
 .debug_pubnames
                0x0000000000000000      0x646 photodiode_adc THUMB Debug/main.o
 .debug_pubnames
                0x0000000000000646       0xc6 photodiode_adc THUMB Debug/stm32f4xx_it.o
 .debug_pubnames
                0x000000000000070c       0xa2 photodiode_adc THUMB Debug/stm32f4xx_hal_msp.o
 .debug_pubnames
                0x00000000000007ae      0xa5b photodiode_adc THUMB Debug/stm32f4xx_hal_i2c.o
 .debug_pubnames
                0x0000000000001209      0x646 photodiode_adc THUMB Debug/stm32f4xx_hal_spi.o
 .debug_pubnames
                0x000000000000184f      0x6da photodiode_adc THUMB Debug/stm32f4xx_hal_uart.o
 .debug_pubnames
                0x0000000000001f29      0x1c2 photodiode_adc THUMB Debug/stm32f4xx_hal_rcc.o
 .debug_pubnames
                0x00000000000020eb      0x133 photodiode_adc THUMB Debug/stm32f4xx_hal_gpio.o
 .debug_pubnames
                0x000000000000221e      0x7e6 photodiode_adc THUMB Debug/stm32f4xx_hal_cortex.o
 .debug_pubnames
                0x0000000000002a04      0x7b6 photodiode_adc THUMB Debug/stm32f4xx_hal.o
 .debug_pubnames
                0x00000000000031ba       0x73 photodiode_adc THUMB Debug/system_stm32f4xx.o

.debug_pubtypes
                0x0000000000000000     0x1b7b
 .debug_pubtypes
                0x0000000000000000      0x3e5 photodiode_adc THUMB Debug/main.o
 .debug_pubtypes
                0x00000000000003e5      0x199 photodiode_adc THUMB Debug/stm32f4xx_it.o
 .debug_pubtypes
                0x000000000000057e      0x390 photodiode_adc THUMB Debug/stm32f4xx_hal_msp.o
 .debug_pubtypes
                0x000000000000090e      0x2bc photodiode_adc THUMB Debug/stm32f4xx_hal_i2c.o
 .debug_pubtypes
                0x0000000000000bca      0x2ad photodiode_adc THUMB Debug/stm32f4xx_hal_spi.o
 .debug_pubtypes
                0x0000000000000e77      0x2a9 photodiode_adc THUMB Debug/stm32f4xx_hal_uart.o
 .debug_pubtypes
                0x0000000000001120      0x275 photodiode_adc THUMB Debug/stm32f4xx_hal_rcc.o
 .debug_pubtypes
                0x0000000000001395      0x228 photodiode_adc THUMB Debug/stm32f4xx_hal_gpio.o
 .debug_pubtypes
                0x00000000000015bd      0x1fb photodiode_adc THUMB Debug/stm32f4xx_hal_cortex.o
 .debug_pubtypes
                0x00000000000017b8      0x20d photodiode_adc THUMB Debug/stm32f4xx_hal.o
 .debug_pubtypes
                0x00000000000019c5      0x1b6 photodiode_adc THUMB Debug/system_stm32f4xx.o

.debug_macro    0x0000000000000000    0x141fb
 .debug_macro   0x0000000000000000      0x1ae photodiode_adc THUMB Debug/main.o
 .debug_macro   0x00000000000001ae      0xade photodiode_adc THUMB Debug/main.o
 .debug_macro   0x0000000000000c8c      0x18c photodiode_adc THUMB Debug/main.o
 .debug_macro   0x0000000000000e18       0x32 photodiode_adc THUMB Debug/main.o
 .debug_macro   0x0000000000000e4a       0x28 photodiode_adc THUMB Debug/main.o
 .debug_macro   0x0000000000000e72      0x18d photodiode_adc THUMB Debug/main.o
 .debug_macro   0x0000000000000fff       0x35 photodiode_adc THUMB Debug/main.o
 .debug_macro   0x0000000000001034       0x50 photodiode_adc THUMB Debug/main.o
 .debug_macro   0x0000000000001084      0xe66 photodiode_adc THUMB Debug/main.o
 .debug_macro   0x0000000000001eea     0xb71c photodiode_adc THUMB Debug/main.o
 .debug_macro   0x000000000000d606       0x43 photodiode_adc THUMB Debug/main.o
 .debug_macro   0x000000000000d649     0x3535 photodiode_adc THUMB Debug/main.o
 .debug_macro   0x0000000000010b7e       0x89 photodiode_adc THUMB Debug/main.o
 .debug_macro   0x0000000000010c07       0x78 photodiode_adc THUMB Debug/main.o
 .debug_macro   0x0000000000010c7f       0x5e photodiode_adc THUMB Debug/main.o
 .debug_macro   0x0000000000010cdd      0x416 photodiode_adc THUMB Debug/main.o
 .debug_macro   0x00000000000110f3      0xa02 photodiode_adc THUMB Debug/main.o
 .debug_macro   0x0000000000011af5      0x11e photodiode_adc THUMB Debug/main.o
 .debug_macro   0x0000000000011c13       0xf8 photodiode_adc THUMB Debug/main.o
 .debug_macro   0x0000000000011d0b       0x27 photodiode_adc THUMB Debug/main.o
 .debug_macro   0x0000000000011d32      0x287 photodiode_adc THUMB Debug/main.o
 .debug_macro   0x0000000000011fb9       0x5f photodiode_adc THUMB Debug/main.o
 .debug_macro   0x0000000000012018      0x23a photodiode_adc THUMB Debug/main.o
 .debug_macro   0x0000000000012252      0x13a photodiode_adc THUMB Debug/main.o
 .debug_macro   0x000000000001238c      0x264 photodiode_adc THUMB Debug/main.o
 .debug_macro   0x00000000000125f0       0x2e photodiode_adc THUMB Debug/main.o
 .debug_macro   0x000000000001261e      0x1a7 photodiode_adc THUMB Debug/main.o
 .debug_macro   0x00000000000127c5       0x22 photodiode_adc THUMB Debug/main.o
 .debug_macro   0x00000000000127e7       0xa5 photodiode_adc THUMB Debug/main.o
 .debug_macro   0x000000000001288c      0x11e photodiode_adc THUMB Debug/main.o
 .debug_macro   0x00000000000129aa       0x85 photodiode_adc THUMB Debug/main.o
 .debug_macro   0x0000000000012a2f       0x89 photodiode_adc THUMB Debug/main.o
 .debug_macro   0x0000000000012ab8      0x202 photodiode_adc THUMB Debug/main.o
 .debug_macro   0x0000000000012cba      0x287 photodiode_adc THUMB Debug/main.o
 .debug_macro   0x0000000000012f41      0x12d photodiode_adc THUMB Debug/main.o
 .debug_macro   0x000000000001306e       0x88 photodiode_adc THUMB Debug/main.o
 .debug_macro   0x00000000000130f6      0x1ae photodiode_adc THUMB Debug/stm32f4xx_it.o
 .debug_macro   0x00000000000132a4      0x1a4 photodiode_adc THUMB Debug/stm32f4xx_hal_msp.o
 .debug_macro   0x0000000000013448      0x1d5 photodiode_adc THUMB Debug/stm32f4xx_hal_i2c.o
 .debug_macro   0x000000000001361d      0x19d photodiode_adc THUMB Debug/stm32f4xx_hal_spi.o
 .debug_macro   0x00000000000137ba      0x196 photodiode_adc THUMB Debug/stm32f4xx_hal_uart.o
 .debug_macro   0x0000000000013950      0x1b9 photodiode_adc THUMB Debug/stm32f4xx_hal_rcc.o
 .debug_macro   0x0000000000013b09      0x1cd photodiode_adc THUMB Debug/stm32f4xx_hal_gpio.o
 .debug_macro   0x0000000000013cd6      0x195 photodiode_adc THUMB Debug/stm32f4xx_hal_cortex.o
 .debug_macro   0x0000000000013e6b      0x1f5 photodiode_adc THUMB Debug/stm32f4xx_hal.o
 .debug_macro   0x0000000000014060      0x19b photodiode_adc THUMB Debug/system_stm32f4xx.o
